../Core/Src/main.c:87:8:map	1
../Core/Src/main.c:93:6:get_SineVal	2
../Core/Src/main.c:100:6:update_SineWaveTable	4
../Core/Src/main.c:127:5:main	12
../Core/Src/main.c:249:6:SystemClock_Config	3
../Core/Src/main.c:295:13:MX_ADC1_Init	3
../Core/Src/main.c:347:13:MX_DAC_Init	3
../Core/Src/main.c:387:13:MX_I2C1_Init	2
../Core/Src/main.c:421:13:MX_SPI1_Init	2
../Core/Src/main.c:459:13:MX_TIM2_Init	4
../Core/Src/main.c:502:13:MX_DMA_Init	1
../Core/Src/main.c:520:13:MX_GPIO_Init	1
../Core/Src/main.c:629:6:Error_Handler	1
