../Core/Src/main.c:86:5:main	8	static
../Core/Src/main.c:138:6:SystemClock_Config	88	static
../Core/Src/main.c:184:13:MX_I2C1_Init	8	static
../Core/Src/main.c:218:13:MX_I2S3_Init	8	static
../Core/Src/main.c:252:13:MX_SPI1_Init	8	static
../Core/Src/main.c:290:13:MX_TIM1_Init	56	static
../Core/Src/main.c:340:13:MX_TIM2_Init	56	static
../Core/Src/main.c:389:13:MX_GPIO_Init	56	static
../Core/Src/main.c:483:6:HAL_TIM_IC_CaptureCallback	16	static
../Core/Src/main.c:516:6:Error_Handler	4	static,ignoring_inline_asm
