../Core/Src/main.c:84:5:main	16	static
../Core/Src/main.c:179:6:SystemClock_Config	88	static
../Core/Src/main.c:225:13:MX_I2C1_Init	8	static
../Core/Src/main.c:259:13:MX_I2S3_Init	8	static
../Core/Src/main.c:293:13:MX_SPI1_Init	8	static
../Core/Src/main.c:331:13:MX_TIM1_Init	32	static
../Core/Src/main.c:380:13:MX_GPIO_Init	56	static
../Core/Src/main.c:491:6:delay_us	32	static,ignoring_inline_asm
../Core/Src/main.c:505:6:Trigger_Ultrasonic	8	static
../Core/Src/main.c:521:6:HAL_TIM_IC_CaptureCallback	16	static
../Core/Src/main.c:574:6:Error_Handler	4	static,ignoring_inline_asm
