2025-05-14 00:21:33,212 [ERROR] LogOutputStream:75 - [STDERR_REDIRECT] 
2025-05-14 00:43:01,608 [INFO] Activator:176 - 


2025-05-14 00:43:01,610 [INFO] Activator:177 - !SESSION log4j initialized
2025-05-14 01:13:02,793 [INFO] LogOutputStream:77 - [STDOUT_REDIRECT] 
2025-05-14 01:13:05,003 [INFO] LogOutputStream:77 - [STDOUT_REDIRECT] 
2025-05-14 01:13:05,876 [ERROR] LogOutputStream:75 - [STDERR_REDIRECT] java.net.URISyntaxException: Illegal character in path at index 38: file:/Users/winstonhar/ENCE-3231/Phase A/Projects/.metadata/.log4j2.xml
2025-05-14 01:13:05,876 [ERROR] LogOutputStream:75 - [STDERR_REDIRECT] 	at java.base/java.net.URI$Parser.fail(URI.java:2995)
2025-05-14 01:13:05,877 [ERROR] LogOutputStream:75 - [STDERR_REDIRECT] 	at java.base/java.net.URI$Parser.checkChars(URI.java:3166)
2025-05-14 01:13:05,877 [ERROR] LogOutputStream:75 - [STDERR_REDIRECT] 	at java.base/java.net.URI$Parser.parseHierarchical(URI.java:3248)
2025-05-14 01:13:05,878 [ERROR] LogOutputStream:75 - [STDERR_REDIRECT] 	at java.base/java.net.URI$Parser.parse(URI.java:3196)
2025-05-14 01:13:05,878 [ERROR] LogOutputStream:75 - [STDERR_REDIRECT] 	at java.base/java.net.URI.<init>(URI.java:645)
2025-05-14 01:13:05,878 [ERROR] LogOutputStream:75 - [STDERR_REDIRECT] 	at java.base/java.net.URL.toURI(URL.java:1220)
2025-05-14 01:13:05,879 [ERROR] LogOutputStream:75 - [STDERR_REDIRECT] 	at com.st.stm32cube.common.mx.core.CubeMxInstance.getInstance(CubeMxInstance.java:81)
2025-05-14 01:13:05,880 [ERROR] LogOutputStream:75 - [STDERR_REDIRECT] 	at com.st.stm32cube.common.mx.userauth.UserAuthAdapter.<init>(UserAuthAdapter.java:25)
2025-05-14 01:13:05,880 [ERROR] LogOutputStream:75 - [STDERR_REDIRECT] 	at com.st.stm32cube.common.mx.userauth.UserAuthProvider.getUserAuthAdapter(UserAuthProvider.java:16)
2025-05-14 01:13:05,880 [ERROR] LogOutputStream:75 - [STDERR_REDIRECT] 	at com.st.stm32cube.common.ecosystemintegration.ui.core.MCUEcoSystemIntegrationUiHelper.getUserAuth(MCUEcoSystemIntegrationUiHelper.java:100)
2025-05-14 01:13:05,881 [ERROR] LogOutputStream:75 - [STDERR_REDIRECT] 	at com.st.stm32cube.ide.mcu.userauth.UserAuthStartup.earlyStartup(UserAuthStartup.java:32)
2025-05-14 01:13:05,881 [ERROR] LogOutputStream:75 - [STDERR_REDIRECT] 	at org.eclipse.ui.internal.EarlyStartupRunnable.runEarlyStartup(EarlyStartupRunnable.java:79)
2025-05-14 01:13:05,881 [ERROR] LogOutputStream:75 - [STDERR_REDIRECT] 	at org.eclipse.ui.internal.EarlyStartupRunnable.run(EarlyStartupRunnable.java:55)
2025-05-14 01:13:05,882 [ERROR] LogOutputStream:75 - [STDERR_REDIRECT] 	at org.eclipse.core.runtime.SafeRunner.run(SafeRunner.java:47)
2025-05-14 01:13:05,882 [ERROR] LogOutputStream:75 - [STDERR_REDIRECT] 	at org.eclipse.ui.internal.Workbench$39.run(Workbench.java:2733)
2025-05-14 01:13:05,882 [ERROR] LogOutputStream:75 - [STDERR_REDIRECT] 	at org.eclipse.core.internal.jobs.Worker.run(Worker.java:63)
2025-05-14 01:13:06,006 [ERROR] LogOutputStream:75 - [STDERR_REDIRECT] 
2025-05-14 01:13:06,984 [INFO] ApplicationProperties:184 - Using Application install path: /Applications/STM32CubeIDE.app/Contents/Eclipse/plugins/com.st.stm32cube.common.mx_6.14.1.202504091515
2025-05-14 01:13:07,010 [INFO] DbMcusXml:78 - Set database path to: /Applications/STM32CubeIDE.app/Contents/Eclipse/plugins/com.st.stm32cube.common.mx_6.14.1.202504091515//db//mcu/
2025-05-14 01:13:07,011 [INFO] ApiDb:274 - Set plugin database path to: /Applications/STM32CubeIDE.app/Contents/Eclipse/plugins/com.st.stm32cube.common.mx_6.14.1.202504091515//db//plugins/boardmanager/
2025-05-14 01:13:07,011 [WARN] ApiDb:259 - Overriding images path with different value:  => /Applications/STM32CubeIDE.app/Contents/Eclipse/plugins/com.st.stm32cube.common.mx_6.14.1.202504091515//db//plugins/mcufinder/images/
2025-05-14 01:13:07,022 [INFO] ApiDb:250 - Set database path to: /Users/winstonhar/.stmcufinder/plugins/mcufinder//mcu/
2025-05-14 01:13:07,023 [INFO] DbMcusAds:125 - Set database path to: /Users/winstonhar/.stmcufinder/plugins/mcufinder//mcu/
2025-05-14 01:13:07,026 [INFO] CrossReferenceDbSqlite:203 - Set database path to: /Users/winstonhar/.stmcufinder/plugins/mcufinder//mcu/cs/
2025-05-14 01:13:07,211 [INFO] RulesReader:64 - Compatibility file has been processed (302 Rules)
2025-05-14 01:13:07,358 [INFO] DbMcusXml:78 - Set database path to: /Applications/STM32CubeIDE.app/Contents/Eclipse/plugins/com.st.stm32cube.common.mx_6.14.1.202504091515//db//mcu/
2025-05-14 01:13:07,358 [INFO] ApiDb:274 - Set plugin database path to: /Applications/STM32CubeIDE.app/Contents/Eclipse/plugins/com.st.stm32cube.common.mx_6.14.1.202504091515//db//plugins/boardmanager/
2025-05-14 01:13:07,359 [INFO] ApiDb:261 - Set plugin images path to: /Applications/STM32CubeIDE.app/Contents/Eclipse/plugins/com.st.stm32cube.common.mx_6.14.1.202504091515//db//plugins/mcufinder/images/
2025-05-14 01:13:07,359 [WARN] DbFile:41 - Overriding database path with different value: /Users/winstonhar/.stmcufinder/plugins/mcufinder/ => /Users/winstonhar/.stmcufinder/plugins/mcufinder
2025-05-14 01:13:07,359 [INFO] ApiDb:250 - Set database path to: /Users/winstonhar/.stmcufinder/plugins/mcufinder//mcu/
2025-05-14 01:13:07,359 [WARN] DbFile:41 - Overriding database path with different value: /Users/winstonhar/.stmcufinder/plugins/mcufinder/ => /Users/winstonhar/.stmcufinder/plugins/mcufinder
2025-05-14 01:13:07,359 [INFO] DbMcusAds:125 - Set database path to: /Users/winstonhar/.stmcufinder/plugins/mcufinder//mcu/
2025-05-14 01:13:07,359 [WARN] DbFile:41 - Overriding database path with different value: /Users/winstonhar/.stmcufinder/plugins/mcufinder/ => /Users/winstonhar/.stmcufinder/plugins/mcufinder
2025-05-14 01:13:07,359 [WARN] DbFile:41 - Overriding database path with different value: /Users/winstonhar/.stmcufinder/plugins/mcufinder/ => /Users/winstonhar/.stmcufinder/plugins/mcufinder
2025-05-14 01:13:07,360 [INFO] CrossReferenceDbSqlite:203 - Set database path to: /Users/winstonhar/.stmcufinder/plugins/mcufinder//mcu/cs/
2025-05-14 01:13:07,461 [INFO] MainPanel:272 - HeapMemory: 268435456
2025-05-14 01:13:08,290 [INFO] DbMcusXml:78 - Set database path to: /Applications/STM32CubeIDE.app/Contents/Eclipse/plugins/com.st.stm32cube.common.mx_6.14.1.202504091515//db//mcu/
2025-05-14 01:13:08,290 [INFO] ApiDb:274 - Set plugin database path to: /Applications/STM32CubeIDE.app/Contents/Eclipse/plugins/com.st.stm32cube.common.mx_6.14.1.202504091515//db//plugins/boardmanager/
2025-05-14 01:13:08,290 [INFO] ApiDb:261 - Set plugin images path to: /Applications/STM32CubeIDE.app/Contents/Eclipse/plugins/com.st.stm32cube.common.mx_6.14.1.202504091515//db//plugins/mcufinder/images/
2025-05-14 01:13:08,290 [WARN] DbFile:41 - Overriding database path with different value: /Users/winstonhar/.stmcufinder/plugins/mcufinder/ => /Users/winstonhar/.stmcufinder/plugins/mcufinder
2025-05-14 01:13:08,291 [INFO] ApiDb:250 - Set database path to: /Users/winstonhar/.stmcufinder/plugins/mcufinder//mcu/
2025-05-14 01:13:08,291 [WARN] DbFile:41 - Overriding database path with different value: /Users/winstonhar/.stmcufinder/plugins/mcufinder/ => /Users/winstonhar/.stmcufinder/plugins/mcufinder
2025-05-14 01:13:08,291 [INFO] DbMcusAds:125 - Set database path to: /Users/winstonhar/.stmcufinder/plugins/mcufinder//mcu/
2025-05-14 01:13:08,291 [WARN] DbFile:41 - Overriding database path with different value: /Users/winstonhar/.stmcufinder/plugins/mcufinder/ => /Users/winstonhar/.stmcufinder/plugins/mcufinder
2025-05-14 01:13:08,291 [WARN] DbFile:41 - Overriding database path with different value: /Users/winstonhar/.stmcufinder/plugins/mcufinder/ => /Users/winstonhar/.stmcufinder/plugins/mcufinder
2025-05-14 01:13:08,291 [INFO] CrossReferenceDbSqlite:203 - Set database path to: /Users/winstonhar/.stmcufinder/plugins/mcufinder//mcu/cs/
2025-05-14 01:13:08,316 [INFO] ApplicationProperties:184 - Using Application install path: /Applications/STM32CubeIDE.app/Contents/Eclipse/plugins/com.st.stm32cube.common.mx_6.14.1.202504091515
2025-05-14 01:13:08,318 [INFO] PluginManage:196 - Search for loadable plugins [exclusion list=, ]
2025-05-14 01:13:08,320 [INFO] PluginManage:310 - Check plugin analytics
2025-05-14 01:13:08,670 [INFO] AnalyticsPlugin:253 - Accepted Software Licenses: 
2025-05-14 01:13:08,671 [INFO] AnalyticsPlugin:255 - Accepted CMSIS Pack Licenses: 
2025-05-14 01:13:08,671 [INFO] AnalyticsPlugin:257 - Accepted Firmware Licenses: FW.F4.1.28.0
2025-05-14 01:13:08,674 [INFO] PluginManage:359 - Loaded plugin analytics (category:tool,tabindex:-1)
2025-05-14 01:13:08,675 [INFO] PluginManage:310 - Check plugin cadmodel
2025-05-14 01:13:08,681 [INFO] CADModel:105 - Init CAD model plugin
2025-05-14 01:13:08,681 [INFO] PluginManage:359 - Loaded plugin cadmodel (category:power,tabindex:5)
2025-05-14 01:13:08,681 [INFO] PluginManage:310 - Check plugin clock
2025-05-14 01:13:08,693 [INFO] PluginManage:359 - Loaded plugin clock (category:base,tabindex:2)
2025-05-14 01:13:08,693 [INFO] PluginManage:310 - Check plugin ddr
2025-05-14 01:13:08,696 [INFO] PluginManage:359 - Loaded plugin ddr (category:tool,tabindex:6)
2025-05-14 01:13:08,697 [INFO] PluginManage:310 - Check plugin filemanager
2025-05-14 01:13:08,891 [INFO] PluginManage:359 - Loaded plugin filemanager (category:base,tabindex:10)
2025-05-14 01:13:08,891 [INFO] PluginManage:310 - Check plugin ipmanager
2025-05-14 01:13:08,897 [INFO] PluginManage:359 - Loaded plugin ipmanager (category:base,tabindex:5)
2025-05-14 01:13:08,897 [INFO] PluginManage:310 - Check plugin lpbam
2025-05-14 01:13:08,906 [INFO] PluginManage:359 - Loaded plugin lpbam (category:base,tabindex:0)
2025-05-14 01:13:08,906 [INFO] PluginManage:310 - Check plugin memorymap
2025-05-14 01:13:08,920 [INFO] PluginManage:359 - Loaded plugin memorymap (category:base,tabindex:4)
2025-05-14 01:13:08,920 [INFO] PluginManage:310 - Check plugin pinoutandconfiguration
2025-05-14 01:13:08,931 [INFO] PluginManage:359 - Loaded plugin pinoutandconfiguration (category:base,tabindex:1)
2025-05-14 01:13:08,931 [INFO] PluginManage:310 - Check plugin pinoutconfig
2025-05-14 01:13:09,051 [WARN] SupportedApi:132 - Cannot load RTOS API schema: s4s-elt-must-match.1: The content of 'definitions' must match (annotation?, (simpleType | complexType)?, (unique | key | keyref)*)). A problem was found starting at: attribute.
2025-05-14 01:13:09,242 [INFO] PluginManage:359 - Loaded plugin pinoutconfig (category:base,tabindex:0)
2025-05-14 01:13:09,243 [INFO] PluginManage:310 - Check plugin power
2025-05-14 01:13:09,257 [INFO] PluginManage:359 - Loaded plugin power (category:power,tabindex:4)
2025-05-14 01:13:09,257 [INFO] PluginManage:310 - Check plugin projectmanager
2025-05-14 01:13:09,283 [INFO] PluginManage:359 - Loaded plugin projectmanager (category:projectmanager,tabindex:4)
2025-05-14 01:13:09,283 [INFO] PluginManage:310 - Check plugin rif
2025-05-14 01:13:09,294 [INFO] PluginManage:359 - Loaded plugin rif (category:base,tabindex:3)
2025-05-14 01:13:09,295 [INFO] PluginManage:310 - Check plugin thirdparty
2025-05-14 01:13:09,505 [INFO] PluginManage:359 - Loaded plugin thirdparty (category:base,tabindex:-1)
2025-05-14 01:13:09,505 [WARN] IntegrityCheckThread:84 - waiting for thirdparty lock release [integrity check]
2025-05-14 01:13:09,506 [INFO] PluginManage:310 - Check plugin tools
2025-05-14 01:13:09,506 [INFO] IntegrityCheckThread:86 - entering critical section [integrity check]
2025-05-14 01:13:09,506 [INFO] ThirdPartyUpdaterWithRetryManager:70 - Updater plugin not ready yet. [1/15]
2025-05-14 01:13:09,510 [INFO] PluginManage:359 - Loaded plugin tools (category:base,tabindex:7)
2025-05-14 01:13:09,510 [INFO] PluginManage:310 - Check plugin tutovideos
2025-05-14 01:13:09,788 [INFO] PluginManage:359 - Loaded plugin tutovideos (category:base,tabindex:-1)
2025-05-14 01:13:09,789 [INFO] PluginManage:310 - Check plugin updater
2025-05-14 01:13:09,825 [INFO] PluginManage:359 - Loaded plugin updater (category:base,tabindex:12)
2025-05-14 01:13:09,826 [INFO] PluginManage:310 - Check plugin userauth
2025-05-14 01:13:09,832 [INFO] UserAuth:118 - Init User Auth plugin
2025-05-14 01:13:09,834 [INFO] PluginManage:359 - Loaded plugin userauth (category:base,tabindex:14)
2025-05-14 01:13:09,835 [INFO] PluginManage:283 - PluginManage : Loaded plugins [18]
2025-05-14 01:13:10,128 [INFO] PinOutPanel:1589 - setPackage(No Configuration,No Configuration)
2025-05-14 01:13:10,247 [INFO] CADModel:165 - CPN selected for project level
2025-05-14 01:13:10,247 [INFO] CADModel:114 - Register for checkConnection events
2025-05-14 01:13:10,269 [INFO] IPUIPlugin:80 - create IPUIPlugin
2025-05-14 01:13:10,270 [INFO] PluginManager:220 - loadIPPluginJar : add mdma
2025-05-14 01:13:10,279 [INFO] IPUIPlugin:80 - create IPUIPlugin
2025-05-14 01:13:10,280 [INFO] PluginManager:220 - loadIPPluginJar : add freertos
2025-05-14 01:13:10,288 [INFO] IPUIPlugin:80 - create IPUIPlugin
2025-05-14 01:13:10,288 [INFO] PluginManager:220 - loadIPPluginJar : add gic
2025-05-14 01:13:10,302 [INFO] IPUIPlugin:80 - create IPUIPlugin
2025-05-14 01:13:10,302 [INFO] PluginManager:220 - loadIPPluginJar : add adc
2025-05-14 01:13:10,306 [INFO] IPUIPlugin:80 - create IPUIPlugin
2025-05-14 01:13:10,306 [INFO] PluginManager:220 - loadIPPluginJar : add gtzc
2025-05-14 01:13:10,308 [INFO] IPUIPlugin:80 - create IPUIPlugin
2025-05-14 01:13:10,309 [INFO] PluginManager:220 - loadIPPluginJar : add quadspi
2025-05-14 01:13:10,313 [INFO] IPUIPlugin:80 - create IPUIPlugin
2025-05-14 01:13:10,313 [INFO] PluginManager:220 - loadIPPluginJar : add aes
2025-05-14 01:13:10,317 [INFO] IPUIPlugin:80 - create IPUIPlugin
2025-05-14 01:13:10,318 [INFO] PluginManager:220 - loadIPPluginJar : add pdm2pcm
2025-05-14 01:13:10,320 [INFO] IPUIPlugin:80 - create IPUIPlugin
2025-05-14 01:13:10,321 [INFO] PluginManager:220 - loadIPPluginJar : add hash
2025-05-14 01:13:10,323 [INFO] IPUIPlugin:80 - create IPUIPlugin
2025-05-14 01:13:10,324 [INFO] PluginManager:220 - loadIPPluginJar : add tim
2025-05-14 01:13:10,326 [INFO] IPUIPlugin:80 - create IPUIPlugin
2025-05-14 01:13:10,326 [INFO] PluginManager:220 - loadIPPluginJar : add tsc
2025-05-14 01:13:10,330 [INFO] IPUIPlugin:80 - create IPUIPlugin
2025-05-14 01:13:10,330 [INFO] PluginManager:220 - loadIPPluginJar : add extmemmanager
2025-05-14 01:13:10,333 [INFO] IPUIPlugin:80 - create IPUIPlugin
2025-05-14 01:13:10,333 [INFO] PluginManager:220 - loadIPPluginJar : add ts
2025-05-14 01:13:10,336 [INFO] IPUIPlugin:80 - create IPUIPlugin
2025-05-14 01:13:10,339 [INFO] PluginManager:220 - loadIPPluginJar : add radio
2025-05-14 01:13:10,343 [INFO] IPUIPlugin:80 - create IPUIPlugin
2025-05-14 01:13:10,343 [INFO] PluginManager:220 - loadIPPluginJar : add can
2025-05-14 01:13:10,347 [INFO] IPUIPlugin:80 - create IPUIPlugin
2025-05-14 01:13:10,347 [INFO] PluginManager:220 - loadIPPluginJar : add dma3
2025-05-14 01:13:10,350 [INFO] IPUIPlugin:80 - create IPUIPlugin
2025-05-14 01:13:10,350 [INFO] PluginManager:220 - loadIPPluginJar : add dfsdm
2025-05-14 01:13:10,353 [INFO] IPUIPlugin:80 - create IPUIPlugin
2025-05-14 01:13:10,353 [INFO] PluginManager:220 - loadIPPluginJar : add spi
2025-05-14 01:13:10,356 [INFO] IPUIPlugin:80 - create IPUIPlugin
2025-05-14 01:13:10,357 [INFO] PluginManager:220 - loadIPPluginJar : add gfxmmu
2025-05-14 01:13:10,358 [INFO] IPUIPlugin:80 - create IPUIPlugin
2025-05-14 01:13:10,359 [INFO] PluginManager:220 - loadIPPluginJar : add genericplugin
2025-05-14 01:13:10,362 [INFO] IPUIPlugin:80 - create IPUIPlugin
2025-05-14 01:13:10,362 [INFO] PluginManager:220 - loadIPPluginJar : add cryp
2025-05-14 01:13:10,367 [INFO] IPUIPlugin:80 - create IPUIPlugin
2025-05-14 01:13:10,367 [INFO] PluginManager:220 - loadIPPluginJar : add gpio
2025-05-14 01:13:10,370 [INFO] IPUIPlugin:80 - create IPUIPlugin
2025-05-14 01:13:10,370 [INFO] PluginManager:220 - loadIPPluginJar : add ddr_ctrl_phy
2025-05-14 01:13:10,372 [INFO] IPUIPlugin:80 - create IPUIPlugin
2025-05-14 01:13:10,372 [INFO] PluginManager:220 - loadIPPluginJar : add comp
2025-05-14 01:13:10,375 [INFO] IPUIPlugin:80 - create IPUIPlugin
2025-05-14 01:13:10,375 [INFO] PluginManager:220 - loadIPPluginJar : add tracer_emb
2025-05-14 01:13:10,379 [INFO] IPUIPlugin:80 - create IPUIPlugin
2025-05-14 01:13:10,379 [INFO] PluginManager:220 - loadIPPluginJar : add openamp
2025-05-14 01:13:10,387 [INFO] IPUIPlugin:80 - create IPUIPlugin
2025-05-14 01:13:10,388 [INFO] PluginManager:220 - loadIPPluginJar : add stm32_wpan
2025-05-14 01:13:10,398 [INFO] IPUIPlugin:80 - create IPUIPlugin
2025-05-14 01:13:10,402 [INFO] PluginManager:220 - loadIPPluginJar : add plateformsettings
2025-05-14 01:13:10,407 [INFO] IPUIPlugin:80 - create IPUIPlugin
2025-05-14 01:13:10,407 [INFO] PluginManager:220 - loadIPPluginJar : add ipddr
2025-05-14 01:13:10,410 [INFO] IPUIPlugin:80 - create IPUIPlugin
2025-05-14 01:13:10,411 [INFO] PluginManager:220 - loadIPPluginJar : add usart
2025-05-14 01:13:10,413 [INFO] IPUIPlugin:80 - create IPUIPlugin
2025-05-14 01:13:10,413 [INFO] PluginManager:220 - loadIPPluginJar : add ltdc
2025-05-14 01:13:10,418 [INFO] IPUIPlugin:80 - create IPUIPlugin
2025-05-14 01:13:10,418 [INFO] PluginManager:220 - loadIPPluginJar : add nvic
2025-05-14 01:13:10,420 [INFO] IPUIPlugin:80 - create IPUIPlugin
2025-05-14 01:13:10,420 [INFO] PluginManager:220 - loadIPPluginJar : add fatfs
2025-05-14 01:13:10,431 [INFO] IPUIPlugin:80 - create IPUIPlugin
2025-05-14 01:13:10,431 [INFO] PluginManager:220 - loadIPPluginJar : add linkedlist
2025-05-14 01:13:10,439 [INFO] IPUIPlugin:80 - create IPUIPlugin
2025-05-14 01:13:10,439 [INFO] PluginManager:220 - loadIPPluginJar : add dma
2025-05-14 01:13:10,445 [INFO] IPUIPlugin:80 - create IPUIPlugin
2025-05-14 01:13:10,445 [INFO] PluginManager:220 - loadIPPluginJar : add fmc
2025-05-14 01:13:10,449 [INFO] IPUIPlugin:80 - create IPUIPlugin
2025-05-14 01:13:10,449 [INFO] PluginManager:220 - loadIPPluginJar : add i2s
2025-05-14 01:13:10,451 [INFO] IPUIPlugin:80 - create IPUIPlugin
2025-05-14 01:13:10,452 [INFO] PluginManager:220 - loadIPPluginJar : add ucpd
2025-05-14 01:13:10,455 [INFO] IPUIPlugin:80 - create IPUIPlugin
2025-05-14 01:13:10,455 [INFO] PluginManager:220 - loadIPPluginJar : add lorawan
2025-05-14 01:13:10,459 [INFO] IPUIPlugin:80 - create IPUIPlugin
2025-05-14 01:13:10,459 [INFO] PluginManager:220 - loadIPPluginJar : add opamp
2025-05-14 01:13:10,463 [INFO] IPUIPlugin:80 - create IPUIPlugin
2025-05-14 01:13:10,464 [INFO] PluginManager:220 - loadIPPluginJar : add i3c
2025-05-14 01:13:10,469 [INFO] IPUIPlugin:80 - create IPUIPlugin
2025-05-14 01:13:10,469 [INFO] PluginManager:220 - loadIPPluginJar : add touchsensing
2025-05-14 01:13:10,472 [INFO] IPUIPlugin:80 - create IPUIPlugin
2025-05-14 01:13:10,472 [INFO] PluginManager:220 - loadIPPluginJar : add i2c
2025-05-14 01:13:10,477 [INFO] IPUIPlugin:80 - create IPUIPlugin
2025-05-14 01:13:10,478 [INFO] PluginManager:220 - loadIPPluginJar : add resmgrutility
2025-05-14 01:13:10,482 [INFO] IPUIPlugin:80 - create IPUIPlugin
2025-05-14 01:13:10,482 [INFO] PluginManager:220 - loadIPPluginJar : add sai
2025-05-14 01:13:10,487 [INFO] IPUIPlugin:80 - create IPUIPlugin
2025-05-14 01:13:10,488 [INFO] PluginManager:220 - loadIPPluginJar : add usbx
2025-05-14 01:13:10,613 [FATAL] Updater:351 - Updater called before beeing initialized
2025-05-14 01:13:10,662 [INFO] RulesReader:64 - Compatibility file has been processed (302 Rules)
2025-05-14 01:13:10,683 [INFO] RulesReader:64 - Compatibility file has been processed (302 Rules)
2025-05-14 01:13:10,692 [INFO] CADModel:165 - CPN selected for project level
2025-05-14 01:13:10,692 [INFO] CADModel:114 - Register for checkConnection events
2025-05-14 01:13:10,692 [FATAL] Updater:351 - Updater called before beeing initialized
2025-05-14 01:13:10,692 [ERROR] CADModel:125 - Updater not yet initialized, retry later 
2025-05-14 01:13:11,085 [FATAL] Updater:351 - Updater called before beeing initialized
2025-05-14 01:13:11,088 [INFO] CADModel:165 - CPN selected for project level
2025-05-14 01:13:11,088 [INFO] CADModel:114 - Register for checkConnection events
2025-05-14 01:13:11,088 [FATAL] Updater:351 - Updater called before beeing initialized
2025-05-14 01:13:11,088 [ERROR] CADModel:125 - Updater not yet initialized, retry later 
2025-05-14 01:13:11,093 [FATAL] Updater:351 - Updater called before beeing initialized
2025-05-14 01:13:11,207 [FATAL] Updater:351 - Updater called before beeing initialized
2025-05-14 01:13:11,212 [INFO] DbMcusAds:53 - JSON generation date=Wed May 07 03:07:55 MDT 2025 (1746608875484)
2025-05-14 01:13:11,213 [FATAL] Updater:351 - Updater called before beeing initialized
2025-05-14 01:13:11,326 [WARN] DetailPanel:346 - Failed to get advertising image, set to default
2025-05-14 01:13:11,776 [FATAL] Updater:351 - Updater called before beeing initialized
2025-05-14 01:13:11,779 [FATAL] Updater:351 - Updater called before beeing initialized
2025-05-14 01:13:11,779 [FATAL] Updater:351 - Updater called before beeing initialized
2025-05-14 01:13:11,779 [WARN] DetailPanel:346 - Failed to get advertising image, set to default
2025-05-14 01:13:11,780 [FATAL] Updater:351 - Updater called before beeing initialized
2025-05-14 01:13:11,824 [ERROR] Updater:1198 - MainUpdater not yet initialized. External WinMGr cannot be set.
2025-05-14 01:13:11,826 [INFO] Updater:1134 - Updater Version found : 6.14.1
2025-05-14 01:13:11,853 [INFO] ApplicationProperties:184 - Using Application install path: /Applications/STM32CubeIDE.app/Contents/Eclipse/plugins/com.st.stm32cube.common.mx_6.14.1.202504091515
2025-05-14 01:13:12,516 [INFO] ThirdPartyUpdaterWithRetryManager:70 - Updater plugin not ready yet. [2/15]
2025-05-14 01:13:12,563 [INFO] MainUpdater:2872 - connection check result : 10
2025-05-14 01:13:12,566 [INFO] MainUpdater:289 - Updater Check For Update Now.
2025-05-14 01:13:12,567 [INFO] MicroXplorer:498 - Change Database Version : DB.6.0.141
2025-05-14 01:13:12,588 [INFO] McuFinderGlobals:63 - Set McuFinder mode to 2 (CubeIDE integrated)
2025-05-14 01:13:12,591 [INFO] UserAuth:484 - Internet connection configuration mode: 1
2025-05-14 01:13:12,660 [INFO] JxBrowserEngine:152 - Initiate JxBrowser Engine with user profile folder
2025-05-14 01:13:13,106 [INFO] CheckServerUpdateThread:120 - End of CheckServer Thread
2025-05-14 01:13:16,404 [WARN] PackLoader:240 - Cannot read IP mode file for STMicroelectronics.FP-SNS-MOTENVWB1.1.4.0
2025-05-14 01:13:16,442 [WARN] PackLoader:240 - Cannot read IP mode file for STMicroelectronics.FP-ATR-ASTRA1.2.0.2
2025-05-14 01:13:16,473 [WARN] PackLoader:240 - Cannot read IP mode file for STMicroelectronics.X-CUBE-SMBUS.2.1.0
2025-05-14 01:13:16,510 [WARN] PackLoader:240 - Cannot read IP mode file for STMicroelectronics.X-CUBE-WB05N.1.1.0
2025-05-14 01:13:16,677 [WARN] PackLoader:240 - Cannot read IP mode file for STMicroelectronics.X-CUBE-AZRTOS-F7.1.1.0
2025-05-14 01:13:16,859 [WARN] PackLoader:240 - Cannot read IP mode file for Infineon.AIROC-Wi-Fi-Bluetooth-STM32.1.7.0
2025-05-14 01:13:16,932 [WARN] PackLoader:240 - Cannot read IP mode file for STMicroelectronics.X-CUBE-DISPLAY.3.0.0
2025-05-14 01:13:16,988 [WARN] PackLoader:240 - Cannot read IP mode file for STMicroelectronics.X-CUBE-NFC10.1.0.0
2025-05-14 01:13:17,052 [WARN] PackLoader:240 - Cannot read IP mode file for STMicroelectronics.X-CUBE-BLEMGR.4.0.0
2025-05-14 01:13:17,089 [WARN] PackLoader:240 - Cannot read IP mode file for emotas.I-CUBE-CANOPEN.1.3.0
2025-05-14 01:13:17,102 [WARN] ConditionMgr:438 - getConditionDescription Invalid condition id : Cortex-A Device cause : null
2025-05-14 01:13:17,142 [WARN] ConditionMgr:1044 - genDependencies : Invalid condition id : Cortex-A Device cause : null
2025-05-14 01:13:17,143 [WARN] ConditionMgr:1044 - genDependencies : Invalid condition id : Cortex-A Device cause : null
2025-05-14 01:13:17,144 [WARN] ConditionMgr:1044 - genDependencies : Invalid condition id : Cortex-A Device cause : null
2025-05-14 01:13:17,159 [WARN] PackLoader:240 - Cannot read IP mode file for STMicroelectronics.X-CUBE-AI.10.0.0
2025-05-14 01:13:17,179 [WARN] PackLoader:240 - Cannot read IP mode file for STMicroelectronics.FP-SNS-SMARTAG2.1.2.0
2025-05-14 01:13:17,194 [WARN] PackLoader:240 - Cannot read IP mode file for STMicroelectronics.FP-SNS-FLIGHT1.5.1.0
2025-05-14 01:13:17,482 [WARN] PackLoader:240 - Cannot read IP mode file for STMicroelectronics.X-CUBE-MEMS1.11.1.0
2025-05-14 01:13:18,880 [INFO] LogOutputStream:77 - [STDOUT_REDIRECT] 1 : Invalid condition id : UX_CORESTACK_Condition cause : null
2025-05-14 01:13:18,898 [INFO] LogOutputStream:77 - [STDOUT_REDIRECT] 1 : Invalid condition id : UX_CORESTACK_Condition cause : null
2025-05-14 01:13:18,920 [INFO] LogOutputStream:77 - [STDOUT_REDIRECT] 1 : Invalid condition id : UX_CORESTACK_Condition cause : null
2025-05-14 01:13:18,926 [INFO] LogOutputStream:77 - [STDOUT_REDIRECT] 1 : Invalid condition id : UX_CORESTACK_Condition cause : null
2025-05-14 01:13:18,945 [INFO] LogOutputStream:77 - [STDOUT_REDIRECT] 1 : Invalid condition id : UX_CORESTACK_Condition cause : null
2025-05-14 01:13:18,962 [WARN] PackLoader:240 - Cannot read IP mode file for STMicroelectronics.X-CUBE-AZRTOS-WL.2.0.0
2025-05-14 01:13:19,040 [WARN] PackLoader:240 - Cannot read IP mode file for STMicroelectronics.FP-SNS-MOTENV1.5.0.0
2025-05-14 01:13:19,113 [WARN] PackLoader:240 - Cannot read IP mode file for WES.I-CUBE-Cesium.1.3.0
2025-05-14 01:13:19,172 [WARN] PackLoader:240 - Cannot read IP mode file for STMicroelectronics.X-CUBE-BLE2.3.3.0
2025-05-14 01:13:19,229 [WARN] PackLoader:240 - Cannot read IP mode file for STMicroelectronics.X-CUBE-NFC9.1.0.0
2025-05-14 01:13:19,293 [WARN] PackLoader:240 - Cannot read IP mode file for STMicroelectronics.X-CUBE-BLE1.7.1.0
2025-05-14 01:13:19,359 [WARN] PackLoader:240 - Cannot read IP mode file for wolfSSL.I-CUBE-wolfMQTT.1.19.2
2025-05-14 01:13:19,579 [INFO] WebApp:169 - Instantiating new browser for Auth
2025-05-14 01:13:19,668 [WARN] PackLoader:240 - Cannot read IP mode file for STMicroelectronics.X-CUBE-MEMS1.11.2.0
2025-05-14 01:13:20,457 [WARN] PackLoader:240 - Cannot read IP mode file for STMicroelectronics.X-CUBE-AZRTOS-G0.1.1.0
2025-05-14 01:13:20,534 [WARN] PackLoader:240 - Cannot read IP mode file for STMicroelectronics.X-CUBE-SAFEA1.1.2.2
2025-05-14 01:13:20,601 [WARN] PackLoader:240 - Cannot read IP mode file for STMicroelectronics.X-CUBE-NFC4.3.0.0
2025-05-14 01:13:20,692 [WARN] PackLoader:240 - Cannot read IP mode file for EmbeddedOffice.I-CUBE-FS-RTOS.1.0.1
2025-05-14 01:13:20,747 [WARN] PackLoader:240 - Cannot read IP mode file for STMicroelectronics.X-CUBE-WB05N.2.0.0
2025-05-14 01:13:20,796 [WARN] PackLoader:240 - Cannot read IP mode file for wolfSSL.I-CUBE-wolfTPM.3.8.0
2025-05-14 01:13:20,849 [WARN] PackLoader:240 - Cannot read IP mode file for STMicroelectronics.X-CUBE-TCPP.4.2.0
2025-05-14 01:13:20,920 [WARN] PackLoader:240 - Cannot read IP mode file for RealThread.X-CUBE-RT-Thread_Nano.4.1.1
2025-05-14 01:13:20,965 [WARN] PackLoader:240 - Cannot read IP mode file for STMicroelectronics.FP-ATR-SIGFOX1.3.2.0
2025-05-14 01:13:21,021 [WARN] PackLoader:240 - Cannot read IP mode file for STMicroelectronics.X-CUBE-EEPRMA1.5.1.0
2025-05-14 01:13:21,060 [WARN] PackLoader:240 - Cannot read IP mode file for wolfSSL.I-CUBE-wolfSSL.5.7.6
2025-05-14 01:13:21,130 [WARN] PackLoader:240 - Cannot read IP mode file for ITTIA_DB.I-CUBE-ITTIADB.8.9.0
2025-05-14 01:13:21,295 [WARN] PackLoader:240 - Cannot read IP mode file for SEGGER.I-CUBE-embOS.1.3.1
2025-05-14 01:13:21,499 [WARN] PackLoader:240 - Cannot read IP mode file for STMicroelectronics.X-CUBE-ALGOBUILD.1.4.0
2025-05-14 01:13:21,601 [WARN] PackLoader:240 - Cannot read IP mode file for STMicroelectronics.X-CUBE-AZRTOS-F4.1.1.0
2025-05-14 01:13:21,624 [WARN] PackLoader:240 - Cannot read IP mode file for Avnet-IotConnect.X-CUBE-IoTC-DA16k-PMOD.1.0.0
2025-05-14 01:13:21,637 [WARN] PackLoader:240 - Cannot read IP mode file for STMicroelectronics.X-CUBE-ISPU.2.1.0
2025-05-14 01:13:21,721 [WARN] PackLoader:240 - Cannot read IP mode file for STMicroelectronics.X-CUBE-AZRTOS-L5.2.0.0
2025-05-14 01:13:21,764 [WARN] PackLoader:240 - Cannot read IP mode file for STMicroelectronics.X-CUBE-NFC6.3.1.0
2025-05-14 01:13:21,817 [WARN] PackLoader:240 - Cannot read IP mode file for STMicroelectronics.X-CUBE-FREERTOS.1.3.1
2025-05-14 01:13:21,835 [WARN] PackLoader:240 - Cannot read IP mode file for STMicroelectronics.X-CUBE-FREERTOS.1.3.0
2025-05-14 01:13:21,852 [WARN] PackLoader:240 - Cannot read IP mode file for STMicroelectronics.X-CUBE-NFC7.1.0.1
2025-05-14 01:13:21,881 [WARN] PackLoader:240 - Cannot read IP mode file for STMicroelectronics.X-CUBE-DPower.1.3.0
2025-05-14 01:13:21,986 [WARN] ConditionMgr:438 - getConditionDescription Invalid condition id : LAN8742 Phy interface Condition cause : null
2025-05-14 01:13:21,993 [WARN] PackLoader:240 - Cannot read IP mode file for STMicroelectronics.X-CUBE-AZRTOS-L4.2.0.0
2025-05-14 01:13:22,000 [WARN] ConditionMgr:1044 - genDependencies : Invalid condition id : LAN8742 Phy interface Condition cause : null
2025-05-14 01:13:22,002 [WARN] ConditionMgr:1044 - genDependencies : Invalid condition id : LAN8742 Phy interface Condition cause : null
2025-05-14 01:13:22,006 [WARN] ConditionMgr:1044 - genDependencies : Invalid condition id : LAN8742 Phy interface Condition cause : null
2025-05-14 01:13:22,035 [WARN] PackLoader:240 - Cannot read IP mode file for STMicroelectronics.X-CUBE-SFXS2LP1.4.0.0
2025-05-14 01:13:22,124 [WARN] PackLoader:240 - Cannot read IP mode file for STMicroelectronics.X-CUBE-AZRTOS-H7.3.3.0
2025-05-14 01:13:22,187 [WARN] ConditionMgr:438 - getConditionDescription Invalid condition id : UX DEVICE CLASS RTOS Condition cause : null
2025-05-14 01:13:22,188 [WARN] ConditionMgr:438 - getConditionDescription Invalid condition id : UX DEVICE CLASS RTOS Condition cause : null
2025-05-14 01:13:22,200 [WARN] PackLoader:240 - Cannot read IP mode file for STMicroelectronics.X-CUBE-AZRTOS-WB.2.0.0
2025-05-14 01:13:22,204 [WARN] ConditionMgr:1044 - genDependencies : Invalid condition id : UX DEVICE CLASS RTOS Condition cause : null
2025-05-14 01:13:22,205 [WARN] ConditionMgr:1044 - genDependencies : Invalid condition id : UX DEVICE CLASS RTOS Condition cause : null
2025-05-14 01:13:22,207 [WARN] ConditionMgr:1044 - genDependencies : Invalid condition id : UX DEVICE CLASS RTOS Condition cause : null
2025-05-14 01:13:22,209 [WARN] ConditionMgr:1044 - genDependencies : Invalid condition id : UX DEVICE CLASS RTOS Condition cause : null
2025-05-14 01:13:22,209 [WARN] ConditionMgr:1044 - genDependencies : Invalid condition id : UX DEVICE CLASS RTOS Condition cause : null
2025-05-14 01:13:22,229 [WARN] PackLoader:240 - Cannot read IP mode file for STMicroelectronics.X-CUBE-GNSS1.7.0.1
2025-05-14 01:13:22,246 [WARN] PackLoader:240 - Cannot read IP mode file for STMicroelectronics.X-CUBE-TOUCHGFX.4.25.0
2025-05-14 01:13:22,267 [WARN] PackLoader:240 - Cannot read IP mode file for STMicroelectronics.FP-SNS-STBOX1.2.0.0
2025-05-14 01:13:22,315 [WARN] PackLoader:240 - Cannot read IP mode file for STMicroelectronics.X-CUBE-SUBG2.5.0.0
2025-05-14 01:13:22,417 [WARN] PackLoader:240 - Cannot read IP mode file for STMicroelectronics.X-CUBE-AZRTOS-H7RS.1.1.0
2025-05-14 01:13:22,440 [WARN] PackLoader:240 - Cannot read IP mode file for Cesanta.I-CUBE-Mongoose.7.13.0
2025-05-14 01:13:22,496 [WARN] PackLoader:240 - Cannot read IP mode file for STMicroelectronics.X-CUBE-AZRTOS-G4.2.0.0
2025-05-14 01:13:22,514 [WARN] PackLoader:240 - Cannot read IP mode file for wolfSSL.I-CUBE-wolfSSH.1.4.20
2025-05-14 01:13:22,531 [WARN] PackLoader:240 - Cannot read IP mode file for STMicroelectronics.X-CUBE-NFC7.2.0.0
2025-05-14 01:13:22,587 [WARN] PackLoader:240 - Cannot read IP mode file for STMicroelectronics.X-CUBE-IPS.3.1.0
2025-05-14 01:13:22,631 [WARN] PackLoader:240 - Cannot read IP mode file for STMicroelectronics.X-CUBE-ALS.1.0.2
2025-05-14 01:13:22,649 [WARN] PackLoader:240 - Cannot read IP mode file for portGmbH.I-Cube-SoM-uGOAL.1.1.0
2025-05-14 01:13:22,693 [WARN] PackLoader:240 - Cannot read IP mode file for STMicroelectronics.X-CUBE-TOF1.3.4.2
2025-05-14 01:13:22,878 [WARN] PackLoader:240 - Cannot read IP mode file for STMicroelectronics.X-CUBE-TOF1.3.4.3
2025-05-14 01:13:22,944 [INFO] ThirdParty:978 - Integrity check success = true
2025-05-14 01:13:22,966 [INFO] IntegrityCheckThread:100 - exiting critical section [integrity check]
2025-05-14 01:13:23,012 [INFO] IntegrityCheckThread:103 - End integrity checks thread
2025-05-14 01:13:23,434 [INFO] WebApp:463 - Apply proxy settings
2025-05-14 01:13:23,467 [INFO] WebApp:508 - Chromium authenticates against Manually configured proxy
2025-05-14 01:13:23,518 [INFO] WebApp:516 - Username used for proxy authentication: 
2025-05-14 01:13:23,671 [INFO] WebApp:894 - Register for checkConnection events
2025-05-14 01:13:23,700 [INFO] WebApp:463 - Apply proxy settings
2025-05-14 01:13:23,717 [INFO] WebApp:508 - Chromium authenticates against Manually configured proxy
2025-05-14 01:13:23,739 [INFO] WebApp:516 - Username used for proxy authentication: 
2025-05-14 01:13:24,123 [INFO] WebApp:191 - Connection restablished
2025-05-14 01:13:24,776 [INFO] WebApp:225 - Starting web application
2025-05-14 01:13:24,776 [INFO] WebApp:593 - Web application path used /Applications/STM32CubeIDE.app/Contents/Eclipse/plugins/com.st.stm32cube.common.mx_6.14.1.202504091515/db/plugins/mcufinder/reactClient1/index.html
2025-05-14 01:13:25,130 [INFO] UserAuth:484 - Internet connection configuration mode: 1
2025-05-14 02:09:51,324 [INFO] WebApp:194 - Connection lost
2025-05-14 02:09:52,438 [INFO] WebApp:191 - Connection restablished
2025-05-14 02:09:52,501 [INFO] WebApp:194 - Connection lost
2025-05-14 02:09:52,733 [INFO] WebApp:191 - Connection restablished
2025-05-14 02:27:07,366 [INFO] WebApp:194 - Connection lost
2025-05-14 02:27:08,359 [INFO] WebApp:191 - Connection restablished
2025-05-14 02:27:08,428 [INFO] WebApp:194 - Connection lost
2025-05-14 02:27:08,662 [INFO] WebApp:191 - Connection restablished
2025-05-14 03:30:16,324 [INFO] WebApp:194 - Connection lost
2025-05-14 03:30:17,486 [INFO] WebApp:191 - Connection restablished
2025-05-14 03:30:17,551 [INFO] WebApp:194 - Connection lost
2025-05-14 03:30:17,781 [INFO] WebApp:191 - Connection restablished
2025-05-14 04:39:27,287 [INFO] WebApp:194 - Connection lost
2025-05-14 04:39:27,656 [INFO] WebApp:191 - Connection restablished
2025-05-14 04:39:28,501 [INFO] WebApp:194 - Connection lost
2025-05-14 04:39:28,618 [INFO] WebApp:191 - Connection restablished
2025-05-14 05:52:10,342 [INFO] WebApp:194 - Connection lost
2025-05-14 05:52:10,752 [INFO] WebApp:191 - Connection restablished
2025-05-14 05:52:11,611 [INFO] WebApp:194 - Connection lost
2025-05-14 05:52:11,723 [INFO] WebApp:191 - Connection restablished
2025-05-14 06:01:03,338 [INFO] WebApp:194 - Connection lost
2025-05-14 06:01:04,177 [INFO] WebApp:191 - Connection restablished
2025-05-14 07:21:14,247 [INFO] WebApp:194 - Connection lost
2025-05-14 07:21:14,507 [INFO] WebApp:191 - Connection restablished
2025-05-14 07:21:15,355 [INFO] WebApp:194 - Connection lost
2025-05-14 07:21:15,450 [INFO] WebApp:191 - Connection restablished
2025-05-14 08:40:10,198 [INFO] WebApp:194 - Connection lost
2025-05-14 08:40:10,567 [INFO] WebApp:191 - Connection restablished
2025-05-14 08:40:11,272 [INFO] WebApp:194 - Connection lost
2025-05-14 08:40:11,412 [INFO] WebApp:191 - Connection restablished
2025-05-14 09:31:45,112 [ERROR] LogOutputStream:75 - [STDERR_REDIRECT] 
