22:55:37 **** Incremental Build of configuration Debug for project 2025_STM32F407_ADC_Challenge ****
make -j11 all 
arm-none-eabi-gcc "../Core/Src/main.c" -mcpu=cortex-m4 -std=gnu11 -g3 -DDEBUG -DUSE_HAL_DRIVER -DSTM32F407xx -c -I../USB_HOST/App -I../USB_HOST/Target -I../Core/Inc -I../Drivers/STM32F4xx_HAL_Driver/Inc -I../Drivers/STM32F4xx_HAL_Driver/Inc/Legacy -I../Middlewares/ST/STM32_USB_Host_Library/Core/Inc -I../Middlewares/ST/STM32_USB_Host_Library/Class/CDC/Inc -I../Drivers/CMSIS/Device/ST/STM32F4xx/Include -I../Drivers/CMSIS/Include -O0 -ffunction-sections -fdata-sections -Wall -fstack-usage -fcyclomatic-complexity -MMD -MP -MF"Core/Src/main.d" -MT"Core/Src/main.o" --specs=nano.specs -mfpu=fpv4-sp-d16 -mfloat-abi=hard -mthumb -o "Core/Src/main.o"
../Core/Src/main.c: In function 'main':
../Core/Src/main.c:298:14: warning: unused variable 'current_time' [-Wunused-variable]
  298 |     uint32_t current_time = HAL_GetTick();
      |              ^~~~~~~~~~~~
../Core/Src/main.c:290:12: warning: unused variable 'last_adc_check_time' [-Wunused-variable]
  290 |   uint32_t last_adc_check_time = HAL_GetTick();
      |            ^~~~~~~~~~~~~~~~~~~
arm-none-eabi-gcc -o "2025_STM32F407_ADC_Challenge.elf" @"objects.list"   -mcpu=cortex-m4 -T"/Users/winstonhar/ENCE-3231/Phase A/Projects/2025_STM32F407_ADC_Challenge/STM32F407VGTX_FLASH.ld" --specs=nosys.specs -Wl,-Map="2025_STM32F407_ADC_Challenge.map" -Wl,--gc-sections -static --specs=nano.specs -mfpu=fpv4-sp-d16 -mfloat-abi=hard -mthumb -Wl,--start-group -lc -lm -Wl,--end-group
Finished building target: 2025_STM32F407_ADC_Challenge.elf
 
arm-none-eabi-size  2025_STM32F407_ADC_Challenge.elf 
arm-none-eabi-objdump -h -S 2025_STM32F407_ADC_Challenge.elf  > "2025_STM32F407_ADC_Challenge.list"
   text	   data	    bss	    dec	    hex	filename
  48868	    128	   4384	  53380	   d084	2025_STM32F407_ADC_Challenge.elf
Finished building: default.size.stdout
 
Finished building: 2025_STM32F407_ADC_Challenge.list
 

22:55:38 Build Finished. 0 errors, 2 warnings. (took 978ms)

