12:25:05 **** Incremental Build of configuration Debug for project 2025_STM32F407_DAC_SinglePolling ****
make -j11 all 
arm-none-eabi-gcc "../Core/Src/main.c" -mcpu=cortex-m4 -std=gnu11 -g3 -DDEBUG -DUSE_HAL_DRIVER -DSTM32F407xx -c -I../USB_HOST/App -I../USB_HOST/Target -I../Core/Inc -I../Drivers/STM32F4xx_HAL_Driver/Inc -I../Drivers/STM32F4xx_HAL_Driver/Inc/Legacy -I../Middlewares/ST/STM32_USB_Host_Library/Core/Inc -I../Middlewares/ST/STM32_USB_Host_Library/Class/CDC/Inc -I../Drivers/CMSIS/Device/ST/STM32F4xx/Include -I../Drivers/CMSIS/Include -O0 -ffunction-sections -fdata-sections -Wall -fstack-usage -fcyclomatic-complexity -MMD -MP -MF"Core/Src/main.d" -MT"Core/Src/main.o" --specs=nano.specs -mfpu=fpv4-sp-d16 -mfloat-abi=hard -mthumb -o "Core/Src/main.o"
arm-none-eabi-gcc -o "2025_STM32F407_DAC_SinglePolling.elf" @"objects.list"   -mcpu=cortex-m4 -T"/Users/winstonhar/ENCE-3231/Phase A/Projects/2025_STM32F407_DAC_SinglePolling/STM32F407VGTX_FLASH.ld" --specs=nosys.specs -Wl,-Map="2025_STM32F407_DAC_SinglePolling.map" -Wl,--gc-sections -static --specs=nano.specs -mfpu=fpv4-sp-d16 -mfloat-abi=hard -mthumb -Wl,--start-group -lc -lm -Wl,--end-group
Finished building target: 2025_STM32F407_DAC_SinglePolling.elf
 
arm-none-eabi-size  2025_STM32F407_DAC_SinglePolling.elf 
arm-none-eabi-objdump -h -S 2025_STM32F407_DAC_SinglePolling.elf  > "2025_STM32F407_DAC_SinglePolling.list"
   text	   data	    bss	    dec	    hex	filename
  35432	    128	   4080	  39640	   9ad8	2025_STM32F407_DAC_SinglePolling.elf
Finished building: default.size.stdout
 
Finished building: 2025_STM32F407_DAC_SinglePolling.list
 

12:25:05 Build Finished. 0 errors, 0 warnings. (took 714ms)

