13:43:23 **** Incremental Build of configuration Debug for project 2025_STM32F407_Encoder_Rotary ****
make -j11 all 
arm-none-eabi-gcc "../Core/Src/stm32f4xx_it.c" -mcpu=cortex-m4 -std=gnu11 -g3 -DDEBUG -DUSE_HAL_DRIVER -DSTM32F407xx -c -I../USB_HOST/App -I../USB_HOST/Target -I../Core/Inc -I../Drivers/STM32F4xx_HAL_Driver/Inc -I../Drivers/STM32F4xx_HAL_Driver/Inc/Legacy -I../Middlewares/ST/STM32_USB_Host_Library/Core/Inc -I../Middlewares/ST/STM32_USB_Host_Library/Class/CDC/Inc -I../Drivers/CMSIS/Device/ST/STM32F4xx/Include -I../Drivers/CMSIS/Include -O0 -ffunction-sections -fdata-sections -Wall -fstack-usage -fcyclomatic-complexity -MMD -MP -MF"Core/Src/stm32f4xx_it.d" -MT"Core/Src/stm32f4xx_it.o" --specs=nano.specs -mfpu=fpv4-sp-d16 -mfloat-abi=hard -mthumb -o "Core/Src/stm32f4xx_it.o"
arm-none-eabi-gcc -o "2025_STM32F407_Encoder_Rotary.elf" @"objects.list"   -mcpu=cortex-m4 -T"/Users/winstonhar/ENCE-3231/Projects/2025_STM32F407_Encoder_Rotary/STM32F407VGTX_FLASH.ld" --specs=nosys.specs -Wl,-Map="2025_STM32F407_Encoder_Rotary.map" -Wl,--gc-sections -static --specs=nano.specs -mfpu=fpv4-sp-d16 -mfloat-abi=hard -mthumb -Wl,--start-group -lc -lm -Wl,--end-group
Finished building target: 2025_STM32F407_Encoder_Rotary.elf
 
arm-none-eabi-size  2025_STM32F407_Encoder_Rotary.elf 
arm-none-eabi-objdump -h -S 2025_STM32F407_Encoder_Rotary.elf  > "2025_STM32F407_Encoder_Rotary.list"
   text	   data	    bss	    dec	    hex	filename
  38120	    124	   4212	  42456	   a5d8	2025_STM32F407_Encoder_Rotary.elf
Finished building: default.size.stdout
 
Finished building: 2025_STM32F407_Encoder_Rotary.list
 

13:43:24 Build Finished. 0 errors, 0 warnings. (took 798ms)

