22:49:39 **** Incremental Build of configuration Debug for project 2025_STM32F407_Ultrasonic_Sensor ****
make -j11 all 
arm-none-eabi-gcc "../Core/Src/main.c" -mcpu=cortex-m4 -std=gnu11 -g3 -DDEBUG -DUSE_HAL_DRIVER -DSTM32F407xx -c -I../USB_HOST/App -I../USB_HOST/Target -I../Core/Inc -I../Drivers/STM32F4xx_HAL_Driver/Inc -I../Drivers/STM32F4xx_HAL_Driver/Inc/Legacy -I../Middlewares/ST/STM32_USB_Host_Library/Core/Inc -I../Middlewares/ST/STM32_USB_Host_Library/Class/CDC/Inc -I../Drivers/CMSIS/Device/ST/STM32F4xx/Include -I../Drivers/CMSIS/Include -O0 -ffunction-sections -fdata-sections -Wall -fstack-usage -fcyclomatic-complexity -MMD -MP -MF"Core/Src/main.d" -MT"Core/Src/main.o" --specs=nano.specs -mfpu=fpv4-sp-d16 -mfloat-abi=hard -mthumb -o "Core/Src/main.o"
arm-none-eabi-gcc -o "2025_STM32F407_Ultrasonic_Sensor.elf" @"objects.list"   -mcpu=cortex-m4 -T"/Users/winstonhar/ENCE-3231/Projects/2025_STM32F407_Ultrasonic_Sensor/STM32F407VGTX_FLASH.ld" --specs=nosys.specs -Wl,-Map="2025_STM32F407_Ultrasonic_Sensor.map" -Wl,--gc-sections -static --specs=nano.specs -mfpu=fpv4-sp-d16 -mfloat-abi=hard -mthumb -Wl,--start-group -lc -lm -Wl,--end-group
Finished building target: 2025_STM32F407_Ultrasonic_Sensor.elf
 
arm-none-eabi-size  2025_STM32F407_Ultrasonic_Sensor.elf 
arm-none-eabi-objdump -h -S 2025_STM32F407_Ultrasonic_Sensor.elf  > "2025_STM32F407_Ultrasonic_Sensor.list"
   text	   data	    bss	    dec	    hex	filename
  39712	    128	   4216	  44056	   ac18	2025_STM32F407_Ultrasonic_Sensor.elf
Finished building: default.size.stdout
 
Finished building: 2025_STM32F407_Ultrasonic_Sensor.list
 
22:49:44 **** Incremental Build of configuration Debug for project 2025_STM32F407_Ultrasonic_Sensor ****
make -j11 all 
arm-none-eabi-size  2025_STM32F407_Ultrasonic_Sensor.elf 
   text	   data	    bss	    dec	    hex	filename
  39712	    128	   4216	  44056	   ac18	2025_STM32F407_Ultrasonic_Sensor.elf
Finished building: default.size.stdout
 
22:50:19 **** Incremental Build of configuration Debug for project 2025_STM32F407_Ultrasonic_Sensor ****
make -j11 all 
arm-none-eabi-size  2025_STM32F407_Ultrasonic_Sensor.elf 
   text	   data	    bss	    dec	    hex	filename
  39712	    128	   4216	  44056	   ac18	2025_STM32F407_Ultrasonic_Sensor.elf
Finished building: default.size.stdout
 
22:50:41 **** Incremental Build of configuration Debug for project 2025_STM32F407_Ultrasonic_Sensor ****
make -j11 all 
arm-none-eabi-size  2025_STM32F407_Ultrasonic_Sensor.elf 
   text	   data	    bss	    dec	    hex	filename
  39712	    128	   4216	  44056	   ac18	2025_STM32F407_Ultrasonic_Sensor.elf
Finished building: default.size.stdout
 
22:51:44 **** Incremental Build of configuration Debug for project 2025_STM32F407_Ultrasonic_Sensor ****
make -j11 all 
arm-none-eabi-gcc "../Core/Src/main.c" -mcpu=cortex-m4 -std=gnu11 -g3 -DDEBUG -DUSE_HAL_DRIVER -DSTM32F407xx -c -I../USB_HOST/App -I../USB_HOST/Target -I../Core/Inc -I../Drivers/STM32F4xx_HAL_Driver/Inc -I../Drivers/STM32F4xx_HAL_Driver/Inc/Legacy -I../Middlewares/ST/STM32_USB_Host_Library/Core/Inc -I../Middlewares/ST/STM32_USB_Host_Library/Class/CDC/Inc -I../Drivers/CMSIS/Device/ST/STM32F4xx/Include -I../Drivers/CMSIS/Include -O0 -ffunction-sections -fdata-sections -Wall -fstack-usage -fcyclomatic-complexity -MMD -MP -MF"Core/Src/main.d" -MT"Core/Src/main.o" --specs=nano.specs -mfpu=fpv4-sp-d16 -mfloat-abi=hard -mthumb -o "Core/Src/main.o"
arm-none-eabi-gcc -o "2025_STM32F407_Ultrasonic_Sensor.elf" @"objects.list"   -mcpu=cortex-m4 -T"/Users/winstonhar/ENCE-3231/Projects/2025_STM32F407_Ultrasonic_Sensor/STM32F407VGTX_FLASH.ld" --specs=nosys.specs -Wl,-Map="2025_STM32F407_Ultrasonic_Sensor.map" -Wl,--gc-sections -static --specs=nano.specs -mfpu=fpv4-sp-d16 -mfloat-abi=hard -mthumb -Wl,--start-group -lc -lm -Wl,--end-group
Finished building target: 2025_STM32F407_Ultrasonic_Sensor.elf
 
arm-none-eabi-size  2025_STM32F407_Ultrasonic_Sensor.elf 
arm-none-eabi-objdump -h -S 2025_STM32F407_Ultrasonic_Sensor.elf  > "2025_STM32F407_Ultrasonic_Sensor.list"
   text	   data	    bss	    dec	    hex	filename
  39748	    128	   4216	  44092	   ac3c	2025_STM32F407_Ultrasonic_Sensor.elf
Finished building: default.size.stdout
 
Finished building: 2025_STM32F407_Ultrasonic_Sensor.list
 
22:53:01 **** Incremental Build of configuration Debug for project 2025_STM32F407_Ultrasonic_Sensor ****
make -j11 all 
arm-none-eabi-gcc "../Core/Src/main.c" -mcpu=cortex-m4 -std=gnu11 -g3 -DDEBUG -DUSE_HAL_DRIVER -DSTM32F407xx -c -I../USB_HOST/App -I../USB_HOST/Target -I../Core/Inc -I../Drivers/STM32F4xx_HAL_Driver/Inc -I../Drivers/STM32F4xx_HAL_Driver/Inc/Legacy -I../Middlewares/ST/STM32_USB_Host_Library/Core/Inc -I../Middlewares/ST/STM32_USB_Host_Library/Class/CDC/Inc -I../Drivers/CMSIS/Device/ST/STM32F4xx/Include -I../Drivers/CMSIS/Include -O0 -ffunction-sections -fdata-sections -Wall -fstack-usage -fcyclomatic-complexity -MMD -MP -MF"Core/Src/main.d" -MT"Core/Src/main.o" --specs=nano.specs -mfpu=fpv4-sp-d16 -mfloat-abi=hard -mthumb -o "Core/Src/main.o"
arm-none-eabi-gcc -o "2025_STM32F407_Ultrasonic_Sensor.elf" @"objects.list"   -mcpu=cortex-m4 -T"/Users/winstonhar/ENCE-3231/Projects/2025_STM32F407_Ultrasonic_Sensor/STM32F407VGTX_FLASH.ld" --specs=nosys.specs -Wl,-Map="2025_STM32F407_Ultrasonic_Sensor.map" -Wl,--gc-sections -static --specs=nano.specs -mfpu=fpv4-sp-d16 -mfloat-abi=hard -mthumb -Wl,--start-group -lc -lm -Wl,--end-group
Finished building target: 2025_STM32F407_Ultrasonic_Sensor.elf
 
arm-none-eabi-size  2025_STM32F407_Ultrasonic_Sensor.elf 
arm-none-eabi-objdump -h -S 2025_STM32F407_Ultrasonic_Sensor.elf  > "2025_STM32F407_Ultrasonic_Sensor.list"
   text	   data	    bss	    dec	    hex	filename
  39748	    124	   4220	  44092	   ac3c	2025_STM32F407_Ultrasonic_Sensor.elf
Finished building: default.size.stdout
 
Finished building: 2025_STM32F407_Ultrasonic_Sensor.list
 
22:54:40 **** Incremental Build of configuration Debug for project 2025_STM32F407_Ultrasonic_Sensor ****
make -j11 all 
arm-none-eabi-size  2025_STM32F407_Ultrasonic_Sensor.elf 
   text	   data	    bss	    dec	    hex	filename
  39748	    124	   4220	  44092	   ac3c	2025_STM32F407_Ultrasonic_Sensor.elf
Finished building: default.size.stdout
 
23:06:46 **** Incremental Build of configuration Debug for project 2025_STM32F407_Ultrasonic_Sensor ****
make -j11 all 
arm-none-eabi-size  2025_STM32F407_Ultrasonic_Sensor.elf 
   text	   data	    bss	    dec	    hex	filename
  39748	    124	   4220	  44092	   ac3c	2025_STM32F407_Ultrasonic_Sensor.elf
Finished building: default.size.stdout
 
23:08:02 **** Incremental Build of configuration Debug for project 2025_STM32F407_Ultrasonic_Sensor ****
make -j11 all 
arm-none-eabi-size  2025_STM32F407_Ultrasonic_Sensor.elf 
   text	   data	    bss	    dec	    hex	filename
  39748	    124	   4220	  44092	   ac3c	2025_STM32F407_Ultrasonic_Sensor.elf
Finished building: default.size.stdout
 
23:16:21 **** Incremental Build of configuration Debug for project 2025_STM32F407_Ultrasonic_Sensor ****
make -j11 all 
arm-none-eabi-gcc "../Core/Src/main.c" -mcpu=cortex-m4 -std=gnu11 -g3 -DDEBUG -DUSE_HAL_DRIVER -DSTM32F407xx -c -I../USB_HOST/App -I../USB_HOST/Target -I../Core/Inc -I../Drivers/STM32F4xx_HAL_Driver/Inc -I../Drivers/STM32F4xx_HAL_Driver/Inc/Legacy -I../Middlewares/ST/STM32_USB_Host_Library/Core/Inc -I../Middlewares/ST/STM32_USB_Host_Library/Class/CDC/Inc -I../Drivers/CMSIS/Device/ST/STM32F4xx/Include -I../Drivers/CMSIS/Include -O0 -ffunction-sections -fdata-sections -Wall -fstack-usage -fcyclomatic-complexity -MMD -MP -MF"Core/Src/main.d" -MT"Core/Src/main.o" --specs=nano.specs -mfpu=fpv4-sp-d16 -mfloat-abi=hard -mthumb -o "Core/Src/main.o"
arm-none-eabi-gcc -o "2025_STM32F407_Ultrasonic_Sensor.elf" @"objects.list"   -mcpu=cortex-m4 -T"/Users/winstonhar/ENCE-3231/Projects/2025_STM32F407_Ultrasonic_Sensor/STM32F407VGTX_FLASH.ld" --specs=nosys.specs -Wl,-Map="2025_STM32F407_Ultrasonic_Sensor.map" -Wl,--gc-sections -static --specs=nano.specs -mfpu=fpv4-sp-d16 -mfloat-abi=hard -mthumb -Wl,--start-group -lc -lm -Wl,--end-group
Finished building target: 2025_STM32F407_Ultrasonic_Sensor.elf
 
arm-none-eabi-size  2025_STM32F407_Ultrasonic_Sensor.elf 
arm-none-eabi-objdump -h -S 2025_STM32F407_Ultrasonic_Sensor.elf  > "2025_STM32F407_Ultrasonic_Sensor.list"
   text	   data	    bss	    dec	    hex	filename
  39748	    124	   4220	  44092	   ac3c	2025_STM32F407_Ultrasonic_Sensor.elf
Finished building: default.size.stdout
 
Finished building: 2025_STM32F407_Ultrasonic_Sensor.list
 
